[eva] Analyzing a complete application starting at eva_main
[eva:initial-state] Values of globals at initialization
  
[eva] using specification for function Frama_C_short_interval
[eva] using specification for function Frama_C_unsigned_short_interval
[eva:alarm] src_analysis/sources/div_Ccode.c:628: Warning: 
  division by zero. assert (s32)denominator ≢ 0;
[eva:alarm] src_analysis/sources/div_Ccode.c:628: Warning: 
  signed overflow.
  assert -2147483648 ≤ (s32)(s32Result / (s32)denominator) * (s32)denominator;
[eva:alarm] src_analysis/sources/div_Ccode.c:628: Warning: 
  signed overflow.
  assert (s32)(s32Result / (s32)denominator) * (s32)denominator ≤ 2147483647;
[eva:alarm] src_analysis/sources/div_Ccode.c:628: Warning: 
  signed overflow.
  assert
  -2147483648 ≤
  s32Result - (s32)((s32)(s32Result / (s32)denominator) * (s32)denominator);
[eva:alarm] src_analysis/sources/div_Ccode.c:628: Warning: 
  signed overflow.
  assert
  s32Result - (s32)((s32)(s32Result / (s32)denominator) * (s32)denominator) ≤
  2147483647;
[eva:alarm] src_analysis/sources/div_Ccode.c:629: Warning: 
  invalid LHS operand for left shift. assert 0 ≤ s32Temp1;
[eva:alarm] src_analysis/sources/div_Ccode.c:629: Warning: 
  signed overflow. assert s32Temp1 << 1 ≤ 2147483647;
[eva:alarm] src_analysis/sources/div_Ccode.c:630: Warning: 
  division by zero. assert (s32)denominator ≢ 0;
[eva:alarm] src_analysis/sources/div_Ccode.c:630: Warning: 
  division by zero. assert (s32)denominator ≢ 0;
[eva:alarm] src_analysis/sources/div_Ccode.c:630: Warning: 
  signed overflow.
  assert
  -2147483648 ≤
  (s32)(s32Temp1 / (s32)denominator) + (s32)(s32Result / (s32)denominator);
[eva:alarm] src_analysis/sources/div_Ccode.c:630: Warning: 
  signed overflow.
  assert
  (s32)(s32Temp1 / (s32)denominator) + (s32)(s32Result / (s32)denominator) ≤
  2147483647;
[scope:rm_asserts] removing 2 assertion(s)
[eva] ====== VALUES COMPUTED ======
[eva:final-states] Values at end of function s16_mul_s16_u16_div_s16:
  s32Result ∈ [--..--]
  s32Temp1 ∈ [0..2147483646],0%2
  __retres ∈ [--..--]
[eva:final-states] Values at end of function eva_main:
  Frama_C_entropy_source ∈ [--..--]
  factor1 ∈ [--..--]
  factor2 ∈ [--..--]
  denominator ∈ [--..--]
  result ∈ [--..--]
  __retres ∈ {0}
[eva:summary] ====== ANALYSIS SUMMARY ======
  ----------------------------------------------------------------------------
  2 functions analyzed (out of 26): 8% coverage.
  In these functions, 33 statements reached (out of 33): 100% coverage.
  ----------------------------------------------------------------------------
  No errors or warnings raised during the analysis.
  ----------------------------------------------------------------------------
  11 alarms generated by the analysis:
       7 integer overflows
       3 divisions by zero
       1 invalid shift
  ----------------------------------------------------------------------------
  Evaluation of the logical properties reached by the analysis:
    Assertions        0 valid     0 unknown     0 invalid      0 total
    Preconditions     3 valid     0 unknown     0 invalid      3 total
  100% of the logical properties reached have been proven.
  ----------------------------------------------------------------------------
