[eva] Analyzing a complete application starting at eva_main
[eva:initial-state] Values of globals at initialization
  
[eva] using specification for function Frama_C_unsigned_long_interval
[eva] using specification for function Frama_C_long_interval
[eva:alarm] src_analysis/sources/mul_Ccode.c:5364: Warning: 
  signed overflow. assert -factor ≤ 2147483647;
[eva:alarm] src_analysis/sources/MulHword.c:47: Warning: 
  signed overflow. assert (int)arg1_LW * (int)arg2_LW ≤ 2147483647;
[eva:alarm] src_analysis/sources/MulHword.c:49: Warning: 
  signed overflow. assert (int)arg1_HW * (int)arg2_LW ≤ 2147483647;
[eva:alarm] src_analysis/sources/mul_Ccode.c:5372: Warning: 
  invalid RHS operand for shift. assert 0 ≤ (u32)(count - 32) < 32;
[eva] ====== VALUES COMPUTED ======
[eva:final-states] Values at end of function MulHighWord:
  arg1_LW ∈ [--..--]
  arg1_HW ∈ [--..--]
  arg2_LW ∈ [--..--]
  arg2_HW ∈ [0..32767]
  MulTemp1 ∈ [0..2147483647]
  MulTemp2 ∈ [0..2147385345]
  MulTemp3 ∈ [0..2147483647]
  MulTemp4 ∈ [0..2147385345]
  HIGHWORD ∈ [0..2147450878]
  OverFlow ∈ [0..163837]
  __retres ∈ [0..2147450880]
[eva:final-states] Values at end of function root_u32_mul_u32_s32_fac_less1:
  u32Temp1 ∈ [0..2147483647]
  u32Temp2 ∈ [0..2147450880]
  u8SignBit ∈ {0; 1}
  __retres ∈ [0..2147450880]
[eva:final-states] Values at end of function eva_main:
  Frama_C_entropy_source ∈ [--..--]
  value ∈ [--..--]
  factor ∈ [-2147483647..2147483647]
  count ∈ [32..63]
  result ∈ [0..2147450880]
  __retres ∈ {0}
[eva:summary] ====== ANALYSIS SUMMARY ======
  ----------------------------------------------------------------------------
  3 functions analyzed (out of 172): 2% coverage.
  In these functions, 41 statements reached (out of 41): 100% coverage.
  ----------------------------------------------------------------------------
  Some errors and warnings have been raised during the analysis:
    by the Eva analyzer:      0 errors    0 warnings
    by the Frama-C kernel:    0 errors    1 warning
  ----------------------------------------------------------------------------
  4 alarms generated by the analysis:
       3 integer overflows
       1 invalid shift
  ----------------------------------------------------------------------------
  Evaluation of the logical properties reached by the analysis:
    Assertions        0 valid     0 unknown     0 invalid      0 total
    Preconditions     3 valid     0 unknown     0 invalid      3 total
  100% of the logical properties reached have been proven.
  ----------------------------------------------------------------------------
