[eva] Analyzing a complete application starting at eva_main
[eva:initial-state] Values of globals at initialization
  
[eva] using specification for function Frama_C_long_interval
[eva] using specification for function Frama_C_unsigned_short_interval
[eva:alarm] src_analysis/sources/div_Ccode.c:495: Warning: 
  signed overflow.
  assert -2147483648 ≤ (s32)(x_value / (s32)y_value) * (s32)y_value;
[eva:alarm] src_analysis/sources/div_Ccode.c:495: Warning: 
  signed overflow.
  assert (s32)(x_value / (s32)y_value) * (s32)y_value ≤ 2147483647;
[eva:alarm] src_analysis/sources/div_Ccode.c:495: Warning: 
  invalid LHS operand for left shift.
  assert
  0 ≤ (s32)(x_value - (s32)((s32)(x_value / (s32)y_value) * (s32)y_value));
[eva:alarm] src_analysis/sources/div_Ccode.c:495: Warning: 
  signed overflow.
  assert
  -2147483648 ≤ x_value - (s32)((s32)(x_value / (s32)y_value) * (s32)y_value);
[eva:alarm] src_analysis/sources/div_Ccode.c:495: Warning: 
  signed overflow.
  assert
  x_value - (s32)((s32)(x_value / (s32)y_value) * (s32)y_value) ≤ 2147483647;
[eva:alarm] src_analysis/sources/div_Ccode.c:495: Warning: 
  signed overflow.
  assert
  (s32)(x_value - (s32)((s32)(x_value / (s32)y_value) * (s32)y_value)) << 1 ≤
  2147483647;
[eva:alarm] src_analysis/sources/div_Ccode.c:496: Warning: 
  signed overflow.
  assert
  (s32)(s32Temp1 / (s32)y_value) + (s32)(x_value / (s32)y_value) ≤ 2147483647;
[eva] ====== VALUES COMPUTED ======
[eva:final-states] Values at end of function u16_div_s32_u16:
  y_value ∈ [--..--]
  s32Temp1 ∈ [--..--]
  __retres ∈ [--..--]
[eva:final-states] Values at end of function eva_main:
  Frama_C_entropy_source ∈ [--..--]
  numerator ∈ [--..--]
  denominator ∈ [--..--]
  result ∈ [--..--]
  __retres ∈ {0}
[eva:summary] ====== ANALYSIS SUMMARY ======
  ----------------------------------------------------------------------------
  2 functions analyzed (out of 26): 8% coverage.
  In these functions, 30 statements reached (out of 30): 100% coverage.
  ----------------------------------------------------------------------------
  No errors or warnings raised during the analysis.
  ----------------------------------------------------------------------------
  7 alarms generated by the analysis:
       6 integer overflows
       1 invalid shift
  ----------------------------------------------------------------------------
  Evaluation of the logical properties reached by the analysis:
    Assertions        0 valid     0 unknown     0 invalid      0 total
    Preconditions     2 valid     0 unknown     0 invalid      2 total
  100% of the logical properties reached have been proven.
  ----------------------------------------------------------------------------
