[eva] Analyzing a complete application starting at eva_main
[eva:initial-state] Values of globals at initialization
  
[eva] using specification for function Frama_C_short_interval
[eva] using specification for function Frama_C_unsigned_short_interval
[eva:alarm] src_analysis/sources/div_Ccode.c:348: Warning: 
  invalid LHS operand for left shift. assert 0 ≤ (int)numerator;
[eva:alarm] src_analysis/sources/div_Ccode.c:362: Warning: 
  signed overflow.
  assert
  (int)((int)((int)numerator << 16) / (int)u16Temp1) * (int)u16Temp1 ≤
  2147483647;
[eva:alarm] src_analysis/sources/div_Ccode.c:363: Warning: 
  invalid LHS operand for left shift. assert 0 ≤ s32Temp1;
[eva:alarm] src_analysis/sources/div_Ccode.c:363: Warning: 
  signed overflow. assert s32Temp1 << 1 ≤ 2147483647;
[eva:alarm] src_analysis/sources/div_Ccode.c:365: Warning: 
  signed overflow.
  assert
  (s32)((int)((int)((int)numerator << 16) / (int)u16Temp1)) + s32Temp1 ≤
  2147483647;
[eva] ====== VALUES COMPUTED ======
[eva:final-states] Values at end of function s16_fac05_div_s16_u16:
  u16Temp1 ∈ [--..--]
  s32Temp1 ∈ [0..2147483647]
  s32Temp2 ∈ [0..2147483646],0%2 or UNINITIALIZED
  __retres ∈ [0..32767]
[eva:final-states] Values at end of function eva_main:
  Frama_C_entropy_source ∈ [--..--]
  numerator ∈ [0..32767]
  denominator ∈ [--..--]
  result ∈ [0..32767]
  __retres ∈ {0}
[eva:summary] ====== ANALYSIS SUMMARY ======
  ----------------------------------------------------------------------------
  2 functions analyzed (out of 26): 8% coverage.
  In these functions, 26 statements reached (out of 32): 81% coverage.
  ----------------------------------------------------------------------------
  No errors or warnings raised during the analysis.
  ----------------------------------------------------------------------------
  5 alarms generated by the analysis:
       3 integer overflows
       2 invalid shifts
  ----------------------------------------------------------------------------
  Evaluation of the logical properties reached by the analysis:
    Assertions        0 valid     0 unknown     0 invalid      0 total
    Preconditions     2 valid     0 unknown     0 invalid      2 total
  100% of the logical properties reached have been proven.
  ----------------------------------------------------------------------------
