[eva:precision-settings] 
  Option -eva-precision 11 detected, automatic configuration of the analysis:
    option -eva-min-loop-unroll set to 4.
    option -eva-auto-loop-unroll set to 1024.
    option -eva-widening-delay set to 6.
    option -eva-partition-history set to 2.
    option -eva-slevel set to 5000.
    option -eva-ilevel already set to 1024 (not modified).
    option -eva-plevel set to 2000.
    option -eva-subdivide-non-linear already set to 500 (not modified).
    option -eva-remove-redundant-alarms set to true (default value).
    option -eva-domains already set to '@default,cvalue,equality,symbolic-locations,gauges,octagon,bitwise' (not modified).
    option -eva-split-return already set to 'full' (not modified).
    option -eva-equality-through-calls already set to 'all' (not modified).
    option -eva-octagon-through-calls already set to true.
[eva:split-return] 
  Splitting return states on:
    \full_split(@all)
[eva] Analyzing a complete application starting at eva_main
[eva:initial-state] Values of globals at initialization
  
[eva] using specification for function Frama_C_short_interval
[eva] using specification for function Frama_C_unsigned_short_interval
[eva:alarm] src_analysis/sources/div_Ccode.c:348: Warning: 
  invalid LHS operand for left shift. assert 0 ≤ (int)numerator;
[eva:alarm] src_analysis/sources/div_Ccode.c:362: Warning: 
  signed overflow.
  assert
  (int)((int)((int)numerator << 16) / (int)u16Temp1) * (int)u16Temp1 ≤
  2147483647;
[eva:alarm] src_analysis/sources/div_Ccode.c:363: Warning: 
  invalid LHS operand for left shift. assert 0 ≤ s32Temp1;
[eva:alarm] src_analysis/sources/div_Ccode.c:363: Warning: 
  signed overflow. assert s32Temp1 << 1 ≤ 2147483647;
[eva:alarm] src_analysis/sources/div_Ccode.c:365: Warning: 
  signed overflow.
  assert
  (s32)((int)((int)((int)numerator << 16) / (int)u16Temp1)) + s32Temp1 ≤
  2147483647;
[eva] ====== VALUES COMPUTED ======
[eva:final-states] Values at end of function s16_fac05_div_s16_u16:
  u16Temp1 ∈ [--..--]
  s32Temp1 ∈ [0..2147483647]
  s32Temp2 ∈ [0..2147483646],0%2 or UNINITIALIZED
  __retres ∈ [0..32767]
[eva:final-states] Values at end of function eva_main:
  Frama_C_entropy_source ∈ [--..--]
  numerator ∈ [0..32767]
  denominator ∈ [--..--]
  result ∈ [0..32767]
  __retres ∈ {0}
[eva:summary] ====== ANALYSIS SUMMARY ======
  ----------------------------------------------------------------------------
  2 functions analyzed (out of 26): 8% coverage.
  In these functions, 26 statements reached (out of 32): 81% coverage.
  ----------------------------------------------------------------------------
  No errors or warnings raised during the analysis.
  ----------------------------------------------------------------------------
  5 alarms generated by the analysis:
       3 integer overflows
       2 invalid shifts
  ----------------------------------------------------------------------------
  Evaluation of the logical properties reached by the analysis:
    Assertions        0 valid     0 unknown     0 invalid      0 total
    Preconditions     2 valid     0 unknown     0 invalid      2 total
  100% of the logical properties reached have been proven.
  ----------------------------------------------------------------------------
