[eva] Analyzing a complete application starting at eva_main
[eva:initial-state] Values of globals at initialization
  
[eva] using specification for function Frama_C_short_interval
[eva] using specification for function Frama_C_unsigned_short_interval
[eva:alarm] src_analysis/sources/mul_Ccode.c:3344: Warning: 
  assertion 'missing_return' got status invalid (stopping propagation).
[eva] ====== VALUES COMPUTED ======
[eva:final-states] Values at end of function root_s16_mul_s16_u16_fac_less1:
  s32MulTemp ∈ [-8191..8191]
  __retres ∈ [-8191..8191]
[eva:final-states] Values at end of function s16_mul_s16_u16_fac025:
  NON TERMINATING FUNCTION
[eva:final-states] Values at end of function eva_main:
  NON TERMINATING FUNCTION
[eva:summary] ====== ANALYSIS SUMMARY ======
  ----------------------------------------------------------------------------
  3 functions analyzed (out of 170): 2% coverage.
  In these functions, 10 statements reached (out of 15): 67% coverage.
  ----------------------------------------------------------------------------
  Some errors and warnings have been raised during the analysis:
    by the Eva analyzer:      0 errors    0 warnings
    by the Frama-C kernel:    0 errors    1 warning
  ----------------------------------------------------------------------------
  0 alarms generated by the analysis.
  ----------------------------------------------------------------------------
  Evaluation of the logical properties reached by the analysis:
    Assertions        0 valid     0 unknown     1 invalid      1 total
    Preconditions     2 valid     0 unknown     0 invalid      2 total
  66% of the logical properties reached have been proven.
  ----------------------------------------------------------------------------
