[eva] Analyzing a complete application starting at eva_main
[eva:initial-state] Values of globals at initialization
  
[eva] using specification for function Frama_C_unsigned_long_interval
[eva:alarm] src_analysis/sources/rotatefunc.c:119: Warning: 
  signed overflow. assert 1 << INT_BITS ≤ 2147483647;
[eva] src_analysis/sources/rotatefunc.c:119: 
  assertion 'Eva,signed_overflow' got final status invalid.
[eva] ====== VALUES COMPUTED ======
[eva:final-states] Values at end of function rotateRight:
  num ∈ [--..--]
  rotation ∈ [0..29] ∪ {4294967295}
  DROPPED_LSB ∈ UNINITIALIZED
  INT_SIZE ∈ {4}
  INT_BITS ∈ {31}
[eva:final-states] Values at end of function eva_main:
  Frama_C_entropy_source ∈ [--..--]
  num ∈ [--..--]
  rotation ∈ [--..--]
  result ∈ [--..--]
  __retres ∈ {0}
[eva:summary] ====== ANALYSIS SUMMARY ======
  ----------------------------------------------------------------------------
  2 functions analyzed (out of 3): 67% coverage.
  In these functions, 20 statements reached (out of 21): 95% coverage.
  ----------------------------------------------------------------------------
  No errors or warnings raised during the analysis.
  ----------------------------------------------------------------------------
  1 alarm generated by the analysis:
       1 integer overflow
  1 of them is a sure alarm (invalid status).
  ----------------------------------------------------------------------------
  Evaluation of the logical properties reached by the analysis:
    Assertions        0 valid     0 unknown     0 invalid      0 total
    Preconditions     2 valid     0 unknown     0 invalid      2 total
  100% of the logical properties reached have been proven.
  ----------------------------------------------------------------------------
