[eva] Analyzing a complete application starting at eva_main
[eva:initial-state] Values of globals at initialization
  arctantab[0] ∈ {-19344}
           [1] ∈ {-32768}
           [2] ∈ {19344}
           [3] ∈ {10221}
           [4] ∈ {5188}
           [5] ∈ {2604}
           [6] ∈ {1303}
           [7] ∈ {652}
           [8] ∈ {326}
           [9] ∈ {163}
           [10] ∈ {81}
           [11] ∈ {41}
           [12] ∈ {20}
           [13] ∈ {10}
           [14] ∈ {5}
           [15] ∈ {3}
           [16] ∈ {1}
[eva] using specification for function Frama_C_unsigned_short_interval
[eva:partition] src_analysis/sources/trig_Ccode.c:72: 
  Trace partitioning superposing up to 100 states
[eva:partition] src_analysis/sources/trig_Ccode.c:72: 
  Trace partitioning superposing up to 200 states
[eva:partition] src_analysis/sources/trig_Ccode.c:72: 
  Trace partitioning superposing up to 400 states
[eva:partition] src_analysis/sources/trig_Ccode.c:72: 
  Trace partitioning superposing up to 800 states
[eva:partition] src_analysis/sources/trig_Ccode.c:72: 
  Trace partitioning superposing up to 1600 states
[eva:partition] src_analysis/sources/trig_Ccode.c:72: 
  Trace partitioning superposing up to 1700 states
[eva:partition] src_analysis/sources/trig_Ccode.c:72: 
  Trace partitioning superposing up to 1800 states
[eva:partition] src_analysis/sources/trig_Ccode.c:72: 
  Trace partitioning superposing up to 1900 states
[eva:partition] src_analysis/sources/trig_Ccode.c:48: 
  starting to merge loop iterations
[eva] ====== VALUES COMPUTED ======
[eva:final-states] Values at end of function u16_sin_u16:
  Phi ∈ {0; 1; 3; 5; 10; 20; 41}
  u32R30 ∈ [--..--]
  u32R31 ∈ [--..--]
  u16Tabmem ∈ {0; 46192}
  u16Ind ∈ {0; 16}
  s32Tabmem ∈ [-41..40]
  Phi1 ∈ [--..--]
  __retres ∈ [--..--]
[eva:final-states] Values at end of function eva_main:
  Frama_C_entropy_source ∈ [--..--]
  Phi ∈ [--..--]
  result ∈ [--..--]
  __retres ∈ {0}
[eva:summary] ====== ANALYSIS SUMMARY ======
  ----------------------------------------------------------------------------
  2 functions analyzed (out of 7): 29% coverage.
  In these functions, 41 statements reached (out of 41): 100% coverage.
  ----------------------------------------------------------------------------
  Some errors and warnings have been raised during the analysis:
    by the Eva analyzer:      0 errors    0 warnings
    by the Frama-C kernel:    0 errors    5 warnings
  ----------------------------------------------------------------------------
  0 alarms generated by the analysis.
  ----------------------------------------------------------------------------
  Evaluation of the logical properties reached by the analysis:
    Assertions        0 valid     0 unknown     0 invalid      0 total
    Preconditions     1 valid     0 unknown     0 invalid      1 total
  100% of the logical properties reached have been proven.
  ----------------------------------------------------------------------------
