[eva] Analyzing a complete application starting at eva_main
[eva:initial-state] Values of globals at initialization
  
[eva] using specification for function Frama_C_unsigned_short_interval
[eva] using specification for function Frama_C_unsigned_char_interval
[eva] ====== VALUES COMPUTED ======
[eva:final-states] Values at end of function root_u16_mul_u16_u8_fac_greater_1:
  u32MulTemp ∈ [0..522232]
  __retres ∈ [--..--]
[eva:final-states] Values at end of function u16_mul_u16_u8_fac8:
  
[eva:final-states] Values at end of function eva_main:
  Frama_C_entropy_source ∈ [--..--]
  x_value ∈ [--..--]
  y_value ∈ [--..--]
  result ∈ [--..--]
  __retres ∈ {0}
[eva:summary] ====== ANALYSIS SUMMARY ======
  ----------------------------------------------------------------------------
  3 functions analyzed (out of 170): 2% coverage.
  In these functions, 19 statements reached (out of 19): 100% coverage.
  ----------------------------------------------------------------------------
  Some errors and warnings have been raised during the analysis:
    by the Eva analyzer:      0 errors    0 warnings
    by the Frama-C kernel:    0 errors    1 warning
  ----------------------------------------------------------------------------
  0 alarms generated by the analysis.
  ----------------------------------------------------------------------------
  Evaluation of the logical properties reached by the analysis:
    Assertions        0 valid     0 unknown     0 invalid      0 total
    Preconditions     2 valid     0 unknown     0 invalid      2 total
  100% of the logical properties reached have been proven.
  ----------------------------------------------------------------------------
