[eva] Analyzing a complete application starting at eva_main
[eva:initial-state] Values of globals at initialization
  
[eva] using specification for function Frama_C_unsigned_long_interval
[eva:partition] src_analysis/sources/rotatefunc.c:67: 
  Trace partitioning superposing up to 100 states
[eva:partition] src_analysis/sources/rotatefunc.c:67: 
  Trace partitioning superposing up to 200 states
[eva:partition] src_analysis/sources/rotatefunc.c:67: 
  Trace partitioning superposing up to 300 states
[eva:partition] src_analysis/sources/rotatefunc.c:67: 
  Trace partitioning superposing up to 400 states
[eva:partition] src_analysis/sources/rotatefunc.c:67: 
  Trace partitioning superposing up to 500 states
[eva:partition] src_analysis/sources/rotatefunc.c:67: 
  Trace partitioning superposing up to 600 states
[eva:partition] src_analysis/sources/rotatefunc.c:67: 
  Trace partitioning superposing up to 700 states
[eva:partition] src_analysis/sources/rotatefunc.c:67: 
  Trace partitioning superposing up to 800 states
[eva:partition] src_analysis/sources/rotatefunc.c:67: 
  Trace partitioning superposing up to 900 states
[eva:partition] src_analysis/sources/rotatefunc.c:67: 
  Trace partitioning superposing up to 1000 states
[eva:partition] src_analysis/sources/rotatefunc.c:67: 
  starting to merge loop iterations
[eva] ====== VALUES COMPUTED ======
[eva:final-states] Values at end of function rotateLeft:
  num ∈ [--..--]
  rotation ∈ [--..--]
  DROPPED_MSB ∈ {0; 1} or UNINITIALIZED
  INT_SIZE ∈ {4}
  INT_BITS ∈ {31}
[eva:final-states] Values at end of function eva_main:
  Frama_C_entropy_source ∈ [--..--]
  num ∈ [--..--]
  rotation ∈ [--..--]
  result ∈ [--..--]
  __retres ∈ {0}
[eva:summary] ====== ANALYSIS SUMMARY ======
  ----------------------------------------------------------------------------
  2 functions analyzed (out of 3): 67% coverage.
  In these functions, 20 statements reached (out of 20): 100% coverage.
  ----------------------------------------------------------------------------
  No errors or warnings raised during the analysis.
  ----------------------------------------------------------------------------
  0 alarms generated by the analysis.
  ----------------------------------------------------------------------------
  Evaluation of the logical properties reached by the analysis:
    Assertions        0 valid     0 unknown     0 invalid      0 total
    Preconditions     2 valid     0 unknown     0 invalid      2 total
  100% of the logical properties reached have been proven.
  ----------------------------------------------------------------------------
