[eva] Analyzing a complete application starting at eva_main
[eva:initial-state] Values of globals at initialization
  
[eva] using specification for function Frama_C_unsigned_long_interval
[eva] using specification for function Frama_C_long_interval
[eva:alarm] src_analysis/sources/div_Ccode.c:1267: Warning: 
  signed overflow. assert -denominator ≤ 2147483647;
[eva] ====== VALUES COMPUTED ======
[eva:final-states] Values at end of function s32_div_u32_s32:
  denominator ∈ [0..2147483647]
  u32Temp1 ∈ [0..4294967294],0%2
  u32Temp2 ∈ [--..--]
  __retres ∈ [--..--]
[eva:final-states] Values at end of function eva_main:
  Frama_C_entropy_source ∈ [--..--]
  numerator ∈ [--..--]
  denominator ∈ [--..--]
  result ∈ [--..--]
  __retres ∈ {0}
[eva:summary] ====== ANALYSIS SUMMARY ======
  ----------------------------------------------------------------------------
  2 functions analyzed (out of 26): 8% coverage.
  In these functions, 33 statements reached (out of 33): 100% coverage.
  ----------------------------------------------------------------------------
  No errors or warnings raised during the analysis.
  ----------------------------------------------------------------------------
  1 alarm generated by the analysis:
       1 integer overflow
  ----------------------------------------------------------------------------
  Evaluation of the logical properties reached by the analysis:
    Assertions        0 valid     0 unknown     0 invalid      0 total
    Preconditions     2 valid     0 unknown     0 invalid      2 total
  100% of the logical properties reached have been proven.
  ----------------------------------------------------------------------------
