[eva] Analyzing a complete application starting at eva_main
[eva:initial-state] Values of globals at initialization
  
[eva] using specification for function Frama_C_unsigned_long_interval
[eva] using specification for function Frama_C_long_interval
[eva:alarm] src_analysis/sources/avrg_Ccode.c:1000: Warning: 
  assertion 'missing_return' got status invalid (stopping propagation).
[eva] ====== VALUES COMPUTED ======
[eva:final-states] Values at end of function u32_mmv_u32_u32_s32_fac1:
  NON TERMINATING FUNCTION
[eva:final-states] Values at end of function eva_main:
  NON TERMINATING FUNCTION
[eva:summary] ====== ANALYSIS SUMMARY ======
  ----------------------------------------------------------------------------
  2 functions analyzed (out of 12): 17% coverage.
  In these functions, 5 statements reached (out of 10): 50% coverage.
  ----------------------------------------------------------------------------
  Some errors and warnings have been raised during the analysis:
    by the Eva analyzer:      0 errors    0 warnings
    by the Frama-C kernel:    0 errors    3 warnings
  ----------------------------------------------------------------------------
  0 alarms generated by the analysis.
  ----------------------------------------------------------------------------
  Evaluation of the logical properties reached by the analysis:
    Assertions        0 valid     0 unknown     1 invalid      1 total
    Preconditions     3 valid     0 unknown     0 invalid      3 total
  75% of the logical properties reached have been proven.
  ----------------------------------------------------------------------------
