[eva:precision-settings] 
  Option -eva-precision 11 detected, automatic configuration of the analysis:
    option -eva-min-loop-unroll set to 4.
    option -eva-auto-loop-unroll set to 1024.
    option -eva-widening-delay set to 6.
    option -eva-partition-history set to 2.
    option -eva-slevel set to 5000.
    option -eva-ilevel already set to 1024 (not modified).
    option -eva-plevel set to 2000.
    option -eva-subdivide-non-linear already set to 500 (not modified).
    option -eva-remove-redundant-alarms set to true (default value).
    option -eva-domains already set to '@default,cvalue,equality,symbolic-locations,gauges,octagon,bitwise' (not modified).
    option -eva-split-return already set to 'full' (not modified).
    option -eva-equality-through-calls already set to 'all' (not modified).
    option -eva-octagon-through-calls already set to true.
[eva:split-return] 
  Splitting return states on:
    \full_split(@all)
[eva] Analyzing a complete application starting at eva_main
[eva:initial-state] Values of globals at initialization
  
[eva] using specification for function Frama_C_unsigned_long_interval
[eva] using specification for function Frama_C_long_interval
[eva:alarm] src_analysis/sources/mul_Ccode.c:1762: Warning: 
  signed overflow. assert -val2 ≤ 2147483647;
[eva] ====== VALUES COMPUTED ======
[eva:final-states] Values at end of function s32_mul_u32_s32:
  s32Val2prime ∈ [0..2147483647]
  __retres ∈ [--..--]
[eva:final-states] Values at end of function eva_main:
  Frama_C_entropy_source ∈ [--..--]
  val1 ∈ [--..--]
  val2 ∈ [-2147483647..2147483647]
  result ∈ [--..--]
  __retres ∈ {0}
[eva:summary] ====== ANALYSIS SUMMARY ======
  ----------------------------------------------------------------------------
  2 functions analyzed (out of 170): 1% coverage.
  In these functions, 29 statements reached (out of 29): 100% coverage.
  ----------------------------------------------------------------------------
  Some errors and warnings have been raised during the analysis:
    by the Eva analyzer:      0 errors    0 warnings
    by the Frama-C kernel:    0 errors    1 warning
  ----------------------------------------------------------------------------
  1 alarm generated by the analysis:
       1 integer overflow
  ----------------------------------------------------------------------------
  Evaluation of the logical properties reached by the analysis:
    Assertions        0 valid     0 unknown     0 invalid      0 total
    Preconditions     2 valid     0 unknown     0 invalid      2 total
  100% of the logical properties reached have been proven.
  ----------------------------------------------------------------------------
