[eva] Analyzing a complete application starting at eva_main
[eva:initial-state] Values of globals at initialization
  
[eva] using specification for function Frama_C_long_interval
[eva] using specification for function Frama_C_unsigned_short_interval
[eva:alarm] src_analysis/sources/mul_Ccode.c:760: Warning: 
  division by zero. assert s32Factor ≢ 0;
[eva:alarm] src_analysis/sources/mul_Ccode.c:767: Warning: 
  signed overflow. assert -2147483648 ≤ value * (s32)factor;
[eva:alarm] src_analysis/sources/mul_Ccode.c:778: Warning: 
  signed overflow. assert value * (s32)factor ≤ 2147483647;
[eva] ====== VALUES COMPUTED ======
[eva:final-states] Values at end of function s32_mul_s32_u16:
  s32Temp1 ∈ [-2147483648..0]
  s32Temp2 ∈ {-2147483648}
  s32Factor ∈ [0..65535]
  __retres ∈ [--..--]
[eva:final-states] Values at end of function eva_main:
  Frama_C_entropy_source ∈ [--..--]
  value ∈ [--..--]
  factor ∈ [--..--]
  result ∈ [--..--]
  __retres ∈ {0}
[eva:summary] ====== ANALYSIS SUMMARY ======
  ----------------------------------------------------------------------------
  2 functions analyzed (out of 170): 1% coverage.
  In these functions, 31 statements reached (out of 31): 100% coverage.
  ----------------------------------------------------------------------------
  Some errors and warnings have been raised during the analysis:
    by the Eva analyzer:      0 errors    0 warnings
    by the Frama-C kernel:    0 errors    1 warning
  ----------------------------------------------------------------------------
  3 alarms generated by the analysis:
       2 integer overflows
       1 division by zero
  ----------------------------------------------------------------------------
  Evaluation of the logical properties reached by the analysis:
    Assertions        0 valid     0 unknown     0 invalid      0 total
    Preconditions     2 valid     0 unknown     0 invalid      2 total
  100% of the logical properties reached have been proven.
  ----------------------------------------------------------------------------
