[eva] Analyzing a complete application starting at eva_main
[eva:initial-state] Values of globals at initialization
  
[eva] using specification for function Frama_C_long_interval
[eva] using specification for function Frama_C_unsigned_char_interval
[eva] using specification for function Frama_C_unsigned_long_interval
[eva:alarm] src_analysis/sources/mul_Ccode.c:5534: Warning: 
  signed overflow. assert -value ≤ 2147483647;
[eva:alarm] src_analysis/sources/mul_Ccode.c:5544: Warning: 
  invalid RHS operand for shift. assert 0 ≤ count < 32;
[eva:alarm] src_analysis/sources/mul_Ccode.c:5545: Warning: 
  invalid RHS operand for shift. assert 0 ≤ (u32)(32 - count) < 32;
[eva] ====== VALUES COMPUTED ======
[eva:final-states] Values at end of function MulHighWord:
  arg1_LW ∈ [--..--]
  arg1_HW ∈ [0..32767]
  arg2_LW ∈ [0..255]
  arg2_HW ∈ {0}
  MulTemp1 ∈ [0..16711425]
  MulTemp2 ∈ {0}
  MulTemp3 ∈ [0..8355585]
  MulTemp4 ∈ {0}
  HIGHWORD ∈ [0..127]
  OverFlow ∈ [0..65789]
  __retres ∈ [0..128]
[eva:final-states] Values at end of function root_s32_mul_s32_u8_fac_less1:
  u32Temp1 ∈ [0..2147483647]
  u32Temp2 ∈ [--..--]
  u32Temp3 ∈ [0..128]
  u8SignBit ∈ {0; 1}
  __retres ∈ [--..--]
[eva:final-states] Values at end of function eva_main:
  Frama_C_entropy_source ∈ [--..--]
  value ∈ [-2147483647..2147483647]
  factor ∈ [--..--]
  count ∈ [1..31]
  result ∈ [--..--]
  __retres ∈ {0}
[eva:summary] ====== ANALYSIS SUMMARY ======
  ----------------------------------------------------------------------------
  3 functions analyzed (out of 172): 2% coverage.
  In these functions, 52 statements reached (out of 58): 90% coverage.
  ----------------------------------------------------------------------------
  Some errors and warnings have been raised during the analysis:
    by the Eva analyzer:      0 errors    0 warnings
    by the Frama-C kernel:    0 errors    1 warning
  ----------------------------------------------------------------------------
  3 alarms generated by the analysis:
       2 invalid shifts
       1 integer overflow
  ----------------------------------------------------------------------------
  Evaluation of the logical properties reached by the analysis:
    Assertions        0 valid     0 unknown     0 invalid      0 total
    Preconditions     3 valid     0 unknown     0 invalid      3 total
  100% of the logical properties reached have been proven.
  ----------------------------------------------------------------------------
