[eva:precision-settings] 
  Option -eva-precision 11 detected, automatic configuration of the analysis:
    option -eva-min-loop-unroll set to 4.
    option -eva-auto-loop-unroll set to 1024.
    option -eva-widening-delay set to 6.
    option -eva-partition-history set to 2.
    option -eva-slevel set to 5000.
    option -eva-ilevel already set to 1024 (not modified).
    option -eva-plevel set to 2000.
    option -eva-subdivide-non-linear already set to 500 (not modified).
    option -eva-remove-redundant-alarms set to true (default value).
    option -eva-domains already set to '@default,cvalue,equality,symbolic-locations,gauges,octagon,bitwise' (not modified).
    option -eva-split-return already set to 'full' (not modified).
    option -eva-equality-through-calls already set to 'all' (not modified).
    option -eva-octagon-through-calls already set to true.
[eva:split-return] 
  Splitting return states on:
    \full_split(@all)
[eva] Analyzing a complete application starting at eva_main
[eva:initial-state] Values of globals at initialization
  
[eva] using specification for function Frama_C_unsigned_long_interval
[eva:loop-unroll:partial] src_analysis/sources/rotatefunc.c:67: 
  loop not completely unrolled
[eva:partition] src_analysis/sources/rotatefunc.c:67: 
  Trace partitioning superposing up to 100 states
[eva:partition] src_analysis/sources/rotatefunc.c:67: 
  Trace partitioning superposing up to 200 states
[eva:partition] src_analysis/sources/rotatefunc.c:67: 
  Trace partitioning superposing up to 300 states
[eva:partition] src_analysis/sources/rotatefunc.c:67: 
  Trace partitioning superposing up to 400 states
[eva:partition] src_analysis/sources/rotatefunc.c:67: 
  Trace partitioning superposing up to 500 states
[eva:partition] src_analysis/sources/rotatefunc.c:67: 
  Trace partitioning superposing up to 600 states
[eva:partition] src_analysis/sources/rotatefunc.c:67: 
  Trace partitioning superposing up to 700 states
[eva:partition] src_analysis/sources/rotatefunc.c:67: 
  Trace partitioning superposing up to 800 states
[eva:partition] src_analysis/sources/rotatefunc.c:67: 
  Trace partitioning superposing up to 900 states
[eva:partition] src_analysis/sources/rotatefunc.c:67: 
  Trace partitioning superposing up to 1000 states
[eva:partition] src_analysis/sources/rotatefunc.c:67: 
  Trace partitioning superposing up to 1100 states
[eva:partition] src_analysis/sources/rotatefunc.c:67: 
  Trace partitioning superposing up to 1200 states
[eva:partition] src_analysis/sources/rotatefunc.c:67: 
  Trace partitioning superposing up to 1300 states
[eva:partition] src_analysis/sources/rotatefunc.c:67: 
  Trace partitioning superposing up to 1400 states
[eva:partition] src_analysis/sources/rotatefunc.c:67: 
  Trace partitioning superposing up to 1500 states
[eva:partition] src_analysis/sources/rotatefunc.c:67: 
  Trace partitioning superposing up to 1600 states
[eva:partition] src_analysis/sources/rotatefunc.c:67: 
  Trace partitioning superposing up to 1700 states
[eva:partition] src_analysis/sources/rotatefunc.c:67: 
  Trace partitioning superposing up to 1800 states
[eva:partition] src_analysis/sources/rotatefunc.c:67: 
  Trace partitioning superposing up to 1900 states
[eva:partition] src_analysis/sources/rotatefunc.c:67: 
  Trace partitioning superposing up to 2000 states
[eva:partition] src_analysis/sources/rotatefunc.c:67: 
  Trace partitioning superposing up to 2100 states
[eva:partition] src_analysis/sources/rotatefunc.c:67: 
  Trace partitioning superposing up to 2200 states
[eva:partition] src_analysis/sources/rotatefunc.c:67: 
  Trace partitioning superposing up to 2300 states
[eva:partition] src_analysis/sources/rotatefunc.c:67: 
  Trace partitioning superposing up to 2400 states
[eva:partition] src_analysis/sources/rotatefunc.c:67: 
  Trace partitioning superposing up to 2500 states
[eva:partition] src_analysis/sources/rotatefunc.c:67: 
  Trace partitioning superposing up to 2600 states
[eva:partition] src_analysis/sources/rotatefunc.c:67: 
  Trace partitioning superposing up to 2700 states
[eva:partition] src_analysis/sources/rotatefunc.c:67: 
  Trace partitioning superposing up to 2800 states
[eva:partition] src_analysis/sources/rotatefunc.c:67: 
  Trace partitioning superposing up to 2900 states
[eva:partition] src_analysis/sources/rotatefunc.c:67: 
  Trace partitioning superposing up to 3000 states
[eva:partition] src_analysis/sources/rotatefunc.c:67: 
  Trace partitioning superposing up to 3100 states
[eva:partition] src_analysis/sources/rotatefunc.c:67: 
  Trace partitioning superposing up to 3200 states
[eva:partition] src_analysis/sources/rotatefunc.c:67: 
  Trace partitioning superposing up to 3300 states
[eva:partition] src_analysis/sources/rotatefunc.c:67: 
  Trace partitioning superposing up to 3400 states
[eva:partition] src_analysis/sources/rotatefunc.c:67: 
  Trace partitioning superposing up to 3500 states
[eva:partition] src_analysis/sources/rotatefunc.c:67: 
  Trace partitioning superposing up to 3600 states
[eva:partition] src_analysis/sources/rotatefunc.c:67: 
  Trace partitioning superposing up to 3700 states
[eva:partition] src_analysis/sources/rotatefunc.c:67: 
  Trace partitioning superposing up to 3800 states
[eva:partition] src_analysis/sources/rotatefunc.c:67: 
  Trace partitioning superposing up to 3900 states
[eva:partition] src_analysis/sources/rotatefunc.c:67: 
  Trace partitioning superposing up to 4000 states
[eva:partition] src_analysis/sources/rotatefunc.c:67: 
  Trace partitioning superposing up to 4100 states
[eva:partition] src_analysis/sources/rotatefunc.c:67: 
  Trace partitioning superposing up to 4200 states
[eva:partition] src_analysis/sources/rotatefunc.c:67: 
  Trace partitioning superposing up to 4300 states
[eva:partition] src_analysis/sources/rotatefunc.c:67: 
  Trace partitioning superposing up to 4400 states
[eva:partition] src_analysis/sources/rotatefunc.c:67: 
  Trace partitioning superposing up to 4500 states
[eva:partition] src_analysis/sources/rotatefunc.c:67: 
  Trace partitioning superposing up to 4600 states
[eva:partition] src_analysis/sources/rotatefunc.c:67: 
  Trace partitioning superposing up to 4700 states
[eva:partition] src_analysis/sources/rotatefunc.c:67: 
  Trace partitioning superposing up to 4800 states
[eva:partition] src_analysis/sources/rotatefunc.c:67: 
  Trace partitioning superposing up to 4900 states
[eva:partition] src_analysis/sources/rotatefunc.c:67: 
  Trace partitioning superposing up to 5000 states
[eva:partition] src_analysis/sources/rotatefunc.c:67: 
  starting to merge loop iterations
[eva] ====== VALUES COMPUTED ======
[eva:final-states] Values at end of function rotateLeft:
  num ∈ [--..--]
  rotation ∈ [--..--]
  DROPPED_MSB ∈ {0; 1} or UNINITIALIZED
  INT_SIZE ∈ {4}
  INT_BITS ∈ {31}
[eva:final-states] Values at end of function eva_main:
  Frama_C_entropy_source ∈ [--..--]
  num ∈ [--..--]
  rotation ∈ [--..--]
  result ∈ [--..--]
  __retres ∈ {0}
[eva:summary] ====== ANALYSIS SUMMARY ======
  ----------------------------------------------------------------------------
  2 functions analyzed (out of 3): 67% coverage.
  In these functions, 20 statements reached (out of 20): 100% coverage.
  ----------------------------------------------------------------------------
  No errors or warnings raised during the analysis.
  ----------------------------------------------------------------------------
  0 alarms generated by the analysis.
  ----------------------------------------------------------------------------
  Evaluation of the logical properties reached by the analysis:
    Assertions        0 valid     0 unknown     0 invalid      0 total
    Preconditions     2 valid     0 unknown     0 invalid      2 total
  100% of the logical properties reached have been proven.
  ----------------------------------------------------------------------------
