[eva] Analyzing a complete application starting at eva_main
[eva:initial-state] Values of globals at initialization
  
[eva] using specification for function Frama_C_unsigned_short_interval
[eva] using specification for function Frama_C_short_interval
[eva:alarm] src_analysis/sources/avrg_Ccode.c:249: Warning: 
  signed overflow. assert -s32mmv ≤ 2147483647;
[eva] ====== VALUES COMPUTED ======
[eva:final-states] Values at end of function u16_mmv_u16_u16_s16_fac1:
  crlc ∈ [--..--]
  s32mmv ∈ [--..--]
  u16mmv ∈ {0}
  result ∈ [--..--]
  __retres ∈ [--..--]
[eva:final-states] Values at end of function eva_main:
  Frama_C_entropy_source ∈ [--..--]
  mmv ∈ [--..--]
  measure ∈ [--..--]
  crlc ∈ [--..--]
  result ∈ [--..--]
  __retres ∈ {0}
[eva:summary] ====== ANALYSIS SUMMARY ======
  ----------------------------------------------------------------------------
  2 functions analyzed (out of 12): 17% coverage.
  In these functions, 82 statements reached (out of 88): 93% coverage.
  ----------------------------------------------------------------------------
  Some errors and warnings have been raised during the analysis:
    by the Eva analyzer:      0 errors    0 warnings
    by the Frama-C kernel:    0 errors    3 warnings
  ----------------------------------------------------------------------------
  1 alarm generated by the analysis:
       1 integer overflow
  ----------------------------------------------------------------------------
  Evaluation of the logical properties reached by the analysis:
    Assertions        0 valid     0 unknown     0 invalid      0 total
    Preconditions     3 valid     0 unknown     0 invalid      3 total
  100% of the logical properties reached have been proven.
  ----------------------------------------------------------------------------
