[eva] Analyzing a complete application starting at eva_main
[eva:initial-state] Values of globals at initialization
  
[eva] using specification for function Frama_C_long_interval
[eva:alarm] src_analysis/sources/div_Ccode.c:1394: Warning: 
  signed overflow. assert -numerator ≤ 2147483647;
[eva:alarm] src_analysis/sources/div_Ccode.c:1395: Warning: 
  signed overflow. assert -denominator ≤ 2147483647;
[eva:alarm] src_analysis/sources/div_Ccode.c:1410: Warning: 
  signed overflow. assert (s32)(~numerator) + 1 ≤ 2147483647;
[eva:alarm] src_analysis/sources/div_Ccode.c:1413: Warning: 
  signed overflow. assert (s32)(~s32Temp2) + 1 ≤ 2147483647;
[eva:alarm] src_analysis/sources/div_Ccode.c:1426: Warning: 
  signed overflow. assert (s32)(~denominator) + 1 ≤ 2147483647;
[eva:alarm] src_analysis/sources/div_Ccode.c:1429: Warning: 
  signed overflow. assert (s32)(~s32Temp2) + 1 ≤ 2147483647;
[eva:alarm] src_analysis/sources/div_Ccode.c:1434: Warning: 
  signed overflow.
  assert (s32)(numerator / denominator) * denominator ≤ 2147483647;
[eva:alarm] src_analysis/sources/div_Ccode.c:1434: Warning: 
  invalid LHS operand for left shift.
  assert
  0 ≤ (s32)(numerator - (s32)((s32)(numerator / denominator) * denominator));
[eva:alarm] src_analysis/sources/div_Ccode.c:1434: Warning: 
  signed overflow.
  assert
  (s32)(numerator - (s32)((s32)(numerator / denominator) * denominator)) << 1 ≤
  2147483647;
[eva] ====== VALUES COMPUTED ======
[eva:final-states] Values at end of function s32_div_s32_s32:
  s32Temp1 ∈ [-2147483648..2147483646],0%2
  s32Temp2 ∈ [--..--]
  denominator_prime ∈ {0}
  u32Temp1 ∈ [0..4294967294],0%2
  u32Temp2 ∈ [--..--]
  u32numerator ∈ [0..2147483647]
  u32denominator ∈ [0..2147483647]
  __retres ∈ [--..--]
[eva:final-states] Values at end of function eva_main:
  Frama_C_entropy_source ∈ [--..--]
  numerator ∈ [--..--]
  denominator ∈ [--..--]
  result ∈ [--..--]
  __retres ∈ {0}
[eva:summary] ====== ANALYSIS SUMMARY ======
  ----------------------------------------------------------------------------
  2 functions analyzed (out of 26): 8% coverage.
  In these functions, 53 statements reached (out of 53): 100% coverage.
  ----------------------------------------------------------------------------
  No errors or warnings raised during the analysis.
  ----------------------------------------------------------------------------
  9 alarms generated by the analysis:
       8 integer overflows
       1 invalid shift
  ----------------------------------------------------------------------------
  Evaluation of the logical properties reached by the analysis:
    Assertions        0 valid     0 unknown     0 invalid      0 total
    Preconditions     2 valid     0 unknown     0 invalid      2 total
  100% of the logical properties reached have been proven.
  ----------------------------------------------------------------------------
