[eva] Analyzing a complete application starting at eva_main
[eva:initial-state] Values of globals at initialization
  arctantab[0] ∈ {-19344}
           [1] ∈ {-32768}
           [2] ∈ {19344}
           [3] ∈ {10221}
           [4] ∈ {5188}
           [5] ∈ {2604}
           [6] ∈ {1303}
           [7] ∈ {652}
           [8] ∈ {326}
           [9] ∈ {163}
           [10] ∈ {81}
           [11] ∈ {41}
           [12] ∈ {20}
           [13] ∈ {10}
           [14] ∈ {5}
           [15] ∈ {3}
           [16] ∈ {1}
[eva] using specification for function Frama_C_unsigned_short_interval
[eva:alarm] src_analysis/sources/trig_Ccode.c:114: Warning: 
  assertion 'missing_return' got status invalid (stopping propagation).
[eva] ====== VALUES COMPUTED ======
[eva:final-states] Values at end of function u16_cos_u16:
  NON TERMINATING FUNCTION
[eva:final-states] Values at end of function eva_main:
  NON TERMINATING FUNCTION
[eva:summary] ====== ANALYSIS SUMMARY ======
  ----------------------------------------------------------------------------
  2 functions analyzed (out of 7): 29% coverage.
  In these functions, 3 statements reached (out of 8): 38% coverage.
  ----------------------------------------------------------------------------
  Some errors and warnings have been raised during the analysis:
    by the Eva analyzer:      0 errors    0 warnings
    by the Frama-C kernel:    0 errors    5 warnings
  ----------------------------------------------------------------------------
  0 alarms generated by the analysis.
  ----------------------------------------------------------------------------
  Evaluation of the logical properties reached by the analysis:
    Assertions        0 valid     0 unknown     1 invalid      1 total
    Preconditions     1 valid     0 unknown     0 invalid      1 total
  50% of the logical properties reached have been proven.
  ----------------------------------------------------------------------------
