[eva] Analyzing a complete application starting at eva_main
[eva:initial-state] Values of globals at initialization
  
[eva] using specification for function Frama_C_long_interval
[eva] using specification for function Frama_C_unsigned_char_interval
[eva:alarm] src_analysis/sources/mul_Ccode.c:2454: Warning: 
  signed overflow. assert -value ≤ 2147483647;
[eva:alarm] src_analysis/sources/mul_Ccode.c:2463: Warning: 
  signed overflow. assert -factor ≤ 2147483647;
[eva:alarm] src_analysis/sources/MulHword.c:47: Warning: 
  signed overflow. assert (int)arg1_LW * (int)arg2_LW ≤ 2147483647;
[eva] ====== VALUES COMPUTED ======
[eva:final-states] Values at end of function MulHighWord:
  arg1_LW ∈ [--..--]
  arg1_HW ∈ [0..32767]
  arg2_LW ∈ [--..--]
  arg2_HW ∈ [0..32767]
  MulTemp1 ∈ [0..2147483647]
  MulTemp2 ∈ [0..2147385345]
  MulTemp3 ∈ [0..2147385345]
  MulTemp4 ∈ [0..1073676289]
  HIGHWORD ∈ [0..1073741821]
  OverFlow ∈ [0..163837]
  __retres ∈ [0..1073741823]
[eva:final-states] Values at end of function s32_mul_s32_s32_fac_twopow_u8:
  power ∈ [1..31]
  u32Temp1 ∈ [0..2147483647]
  u32Temp2 ∈ [0..2147483647]
  u32Temp3 ∈ [--..--]
  u32Temp4 ∈ [0..1073741823]
  u8SignBit ∈ {0; 1}
  __retres ∈ [--..--]
[eva:final-states] Values at end of function eva_main:
  Frama_C_entropy_source ∈ [--..--]
  value ∈ [-2147483647..2147483647]
  factor ∈ [-2147483647..2147483647]
  power ∈ [--..--]
  result ∈ [--..--]
  __retres ∈ {0}
[eva:summary] ====== ANALYSIS SUMMARY ======
  ----------------------------------------------------------------------------
  3 functions analyzed (out of 172): 2% coverage.
  In these functions, 71 statements reached (out of 71): 100% coverage.
  ----------------------------------------------------------------------------
  Some errors and warnings have been raised during the analysis:
    by the Eva analyzer:      0 errors    0 warnings
    by the Frama-C kernel:    0 errors    1 warning
  ----------------------------------------------------------------------------
  3 alarms generated by the analysis:
       3 integer overflows
  ----------------------------------------------------------------------------
  Evaluation of the logical properties reached by the analysis:
    Assertions        0 valid     0 unknown     0 invalid      0 total
    Preconditions     3 valid     0 unknown     0 invalid      3 total
  100% of the logical properties reached have been proven.
  ----------------------------------------------------------------------------
