[eva] Analyzing a complete application starting at eva_main
[eva:initial-state] Values of globals at initialization
  
[eva] using specification for function Frama_C_short_interval
[eva:alarm] src_analysis/sources/div_Ccode.c:173: Warning: 
  invalid LHS operand for left shift. assert 0 ≤ (int)numerator;
[eva:alarm] src_analysis/sources/div_Ccode.c:190: Warning: 
  division by zero. assert (s32)denominator ≢ 0;
[eva:alarm] src_analysis/sources/div_Ccode.c:190: Warning: 
  signed overflow.
  assert -2147483648 ≤ (s32)(s32Temp1 / (s32)denominator) * (s32)denominator;
[eva:alarm] src_analysis/sources/div_Ccode.c:190: Warning: 
  signed overflow.
  assert (s32)(s32Temp1 / (s32)denominator) * (s32)denominator ≤ 2147483647;
[eva:alarm] src_analysis/sources/div_Ccode.c:190: Warning: 
  invalid LHS operand for left shift.
  assert
  0 ≤
  (s32)(s32Temp1 - (s32)((s32)(s32Temp1 / (s32)denominator) * (s32)denominator));
[eva:alarm] src_analysis/sources/div_Ccode.c:190: Warning: 
  signed overflow.
  assert
  s32Temp1 - (s32)((s32)(s32Temp1 / (s32)denominator) * (s32)denominator) ≤
  2147483647;
[eva:alarm] src_analysis/sources/div_Ccode.c:190: Warning: 
  signed overflow.
  assert
  (s32)(s32Temp1 - (s32)((s32)(s32Temp1 / (s32)denominator) * (s32)denominator))
  << 1 ≤ 2147483647;
[eva:alarm] src_analysis/sources/div_Ccode.c:191: Warning: 
  division by zero. assert (s32)denominator ≢ 0;
[eva:alarm] src_analysis/sources/div_Ccode.c:192: Warning: 
  division by zero. assert (int)denominator ≢ 0;
[eva:alarm] src_analysis/sources/div_Ccode.c:192: Warning: 
  signed overflow.
  assert
  -2147483648 ≤
  s32Temp1 + (s32)((int)((int)((int)numerator << 16) / (int)denominator));
[eva:alarm] src_analysis/sources/div_Ccode.c:192: Warning: 
  signed overflow.
  assert
  s32Temp1 + (s32)((int)((int)((int)numerator << 16) / (int)denominator)) ≤
  2147483647;
[scope:rm_asserts] removing 1 assertion(s)
[eva] ====== VALUES COMPUTED ======
[eva:final-states] Values at end of function s16_fac05_div_s16_s16:
  s32Temp1 ∈ [--..--]
  s32Temp2 ∈ [0..2147483646],0%2 or UNINITIALIZED
  __retres ∈ [--..--]
[eva:final-states] Values at end of function eva_main:
  Frama_C_entropy_source ∈ [--..--]
  numerator ∈ [0..32767]
  denominator ∈ [--..--]
  result ∈ [--..--]
  __retres ∈ {0}
[eva:summary] ====== ANALYSIS SUMMARY ======
  ----------------------------------------------------------------------------
  2 functions analyzed (out of 26): 8% coverage.
  In these functions, 28 statements reached (out of 49): 57% coverage.
  ----------------------------------------------------------------------------
  No errors or warnings raised during the analysis.
  ----------------------------------------------------------------------------
  11 alarms generated by the analysis:
       6 integer overflows
       3 divisions by zero
       2 invalid shifts
  ----------------------------------------------------------------------------
  Evaluation of the logical properties reached by the analysis:
    Assertions        0 valid     0 unknown     0 invalid      0 total
    Preconditions     2 valid     0 unknown     0 invalid      2 total
  100% of the logical properties reached have been proven.
  ----------------------------------------------------------------------------
